###############################################################################
#
# IAR ELF Linker V9.20.4.327/W64 for ARM                  19/Jun/2023  17:44:38
# Copyright 2007-2022 IAR Systems AB.
#
#    Output file  =
#        C:\Users\Admin M1\Desktop\CodeNampt\bootloader\debug\bootloader.out
#    Map file     =
#        C:\Users\Admin
#        M1\Desktop\CodeNampt\bootloader\debug\list\bootloader.map
#    Command line =
#        -f "C:\Users\Admin
#        M1\Desktop\CodeNampt\bootloader\debug\bootloader.out.rsp"
#        ("C:\Users\Admin
#        M1\Desktop\CodeNampt\bootloader\debug\obj\board\board.o"
#        "C:\Users\Admin
#        M1\Desktop\CodeNampt\bootloader\debug\obj\board\clock_config.o"
#        "C:\Users\Admin
#        M1\Desktop\CodeNampt\bootloader\debug\obj\source\flash_spi.o"
#        "C:\Users\Admin
#        M1\Desktop\CodeNampt\bootloader\debug\obj\component\uart\fsl_adapter_uart.o"
#        "C:\Users\Admin
#        M1\Desktop\CodeNampt\bootloader\debug\obj\utilities\fsl_assert.o"
#        "C:\Users\Admin
#        M1\Desktop\CodeNampt\bootloader\debug\obj\drivers\fsl_clock.o"
#        "C:\Users\Admin
#        M1\Desktop\CodeNampt\bootloader\debug\obj\drivers\fsl_common.o"
#        "C:\Users\Admin
#        M1\Desktop\CodeNampt\bootloader\debug\obj\drivers\fsl_common_arm.o"
#        "C:\Users\Admin
#        M1\Desktop\CodeNampt\bootloader\debug\obj\component\lists\fsl_component_generic_list.o"
#        "C:\Users\Admin
#        M1\Desktop\CodeNampt\bootloader\debug\obj\utilities\fsl_debug_console.o"
#        "C:\Users\Admin
#        M1\Desktop\CodeNampt\bootloader\debug\obj\drivers\fsl_gpio.o"
#        "C:\Users\Admin
#        M1\Desktop\CodeNampt\bootloader\debug\obj\drivers\fsl_port.o"
#        "C:\Users\Admin
#        M1\Desktop\CodeNampt\bootloader\debug\obj\drivers\fsl_spi.o"
#        "C:\Users\Admin
#        M1\Desktop\CodeNampt\bootloader\debug\obj\drivers\fsl_uart.o"
#        "C:\Users\Admin
#        M1\Desktop\CodeNampt\bootloader\debug\obj\source\main.o"
#        "C:\Users\Admin
#        M1\Desktop\CodeNampt\bootloader\debug\obj\board\peripherals.o"
#        "C:\Users\Admin
#        M1\Desktop\CodeNampt\bootloader\debug\obj\board\pin_mux.o"
#        "C:\Users\Admin
#        M1\Desktop\CodeNampt\bootloader\debug\obj\startup\startup_MKE06Z4.o"
#        "C:\Users\Admin
#        M1\Desktop\CodeNampt\bootloader\debug\obj\device\system_MKE06Z4.o"
#        "C:\Users\Admin
#        M1\Desktop\CodeNampt\bootloader\debug\obj\source\variable.o"
#        --redirect _Printf=_PrintfSmallNoMb --redirect _Scanf=_ScanfSmallNoMb
#        --no_out_extension -o "C:\Users\Admin
#        M1\Desktop\CodeNampt\bootloader\debug\bootloader.out" --map
#        "C:\Users\Admin
#        M1\Desktop\CodeNampt\bootloader\debug\list\bootloader.map" --config
#        "C:\Users\Admin
#        M1\Desktop\CodeNampt\bootloader/MKE06Z4/iar/MKE06Z128xxx4_flash.icf"
#        --semihosting --entry Reset_Handler --vfe --text_out locale)
#
###############################################################################

*******************************************************************************
*** RUNTIME MODEL ATTRIBUTES
***

CppFlavor       = *
__CPP_Runtime   = 1
__Heap_Handler  = DLMalloc
__SystemLibrary = DLib
__dlib_version  = 6


*******************************************************************************
*** HEAP SELECTION
***

The advanced heap was selected because the application calls memory
allocation functions outside of system library functions, and there
are calls to deallocation functions in the application.


*******************************************************************************
*** PLACEMENT SUMMARY
***

"A0":  place at address 0x0 { ro section .intvec };
"P1":  place in [from 0x400 to 0x40f] { section FlashConfig };
"P2":  place in [from 0x0 to 0x1ff] |
                [from 0x410 to 0x1'ffff] { ro };
define block RW { rw };
"P3":  place in [from 0x1fff'f000 to 0x2000'2bff] { block RW };
define block ZI { zi };
"P4":  place in [from 0x1fff'f000 to 0x2000'2bff] { block ZI };
define block NCACHE_VAR { section NonCacheable, section NonCacheable.init };
"P7":  place in [from 0x1fff'f000 to 0x2000'2bff] { block NCACHE_VAR };
define block QACCESS_CODE { section CodeQuickAccess };
"P8":  place in [from 0x1fff'f000 to 0x2000'2bff] { block QACCESS_CODE };
define block QACCESS_DATA { section DataQuickAccess };
"P9":  place in [from 0x1fff'f000 to 0x2000'2bff] { block QACCESS_DATA };
define block CSTACK with size = 1K, alignment = 8 { };
"P6":  place in [from 0x2000'2c00 to 0x2000'2fff] { block CSTACK };
initialize by copy {
   rw, section .textrw, section CodeQuickAccess, section DataQuickAccess };

No sections matched the following patterns:

  section CodeQuickAccess    in block QACCESS_CODE
  section DataQuickAccess    in block QACCESS_DATA
  section NonCacheable       in block NCACHE_VAR
  section NonCacheable.init  in block NCACHE_VAR


  Section            Kind         Address    Size  Object
  -------            ----         -------    ----  ------
"A0":                                        0xc0
  .intvec            ro code          0x0    0xc0  startup_MKE06Z4.o [7]
                                   - 0xc0    0xc0

"P2", part 1 of 2:                           0xd6
  .text              ro code         0xc0    0x1c  fsl_assert.o [8]
  .text              ro code         0xdc    0xae  I32DivModFast.o [10]
  .rodata            const          0x18a     0x2  fsl_spi.o [5]
  .rodata            const          0x18c     0x2  pin_mux.o [1]
  .rodata            const          0x18e     0x2  pin_mux.o [1]
  .text              ro code        0x190     0x2  IntDivZer.o [10]
  .rodata            const          0x192     0x2  pin_mux.o [1]
  .text              ro code        0x194     0x2  startup_MKE06Z4.o [7]
                                  - 0x196    0xd6

"P1":                                        0x10
  FlashConfig        ro code        0x400    0x10  startup_MKE06Z4.o [7]
                                  - 0x410    0x10

"P2", part 2 of 2:                         0x1d10
  .text              ro code        0x410   0x5f8  fsl_spi.o [5]
  .text              ro code        0xa08    0x52  ABImemset.o [10]
  .text              ro code        0xa5c   0x44a  fsl_debug_console.o [8]
  .text              ro code        0xea8   0x1dc  fsl_adapter_uart.o [3]
  .text              ro code       0x1084    0x4e  ABImemcpy.o [10]
  .text              ro code       0x10d4     0xe  strlen.o [10]
  .text              ro code       0x10e2     0x2  startup_MKE06Z4.o [7]
  .text              ro code       0x10e4   0x34c  fsl_uart.o [5]
  .text              ro code       0x1430   0x368  fsl_clock.o [5]
  .text              ro code       0x1798   0x120  fsl_gpio.o [5]
  .text              ro code       0x18b8    0xac  main.o [6]
  .text              ro code       0x1964    0x5c  pin_mux.o [1]
  .text              ro code       0x19c0    0x78  clock_config.o [1]
  .text              ro code       0x1a38    0x1a  board.o [1]
  .text              ro code       0x1a52     0x2  startup_MKE06Z4.o [7]
  .text              ro code       0x1a54    0x7c  peripherals.o [1]
  .text              ro code       0x1ad0    0x74  fsl_port.o [5]
  .rodata            const         0x1b44    0x54  fsl_adapter_uart.o [3]
  .rodata            const         0x1b98    0x48  fsl_adapter_uart.o [3]
  .text              ro code       0x1be0    0x48  system_MKE06Z4.o [4]
  .text              ro code       0x1c28     0x2  system_MKE06Z4.o [4]
  .text              ro code       0x1c2a     0x2  startup_MKE06Z4.o [7]
  .rodata            const         0x1c2c    0x44  fsl_clock.o [5]
  .rodata            const         0x1c70    0x44  fsl_gpio.o [5]
  .rodata            const         0x1cb4    0x44  fsl_spi.o [5]
  .rodata            const         0x1cf8    0x44  fsl_uart.o [5]
  .rodata            const         0x1d3c    0x3c  fsl_spi.o [5]
  .text              ro code       0x1d78    0x3c  zero_init3.o [10]
  .text              ro code       0x1db4    0x30  copy_init3.o [10]
  .rodata            const         0x1de4    0x2c  fsl_assert.o [8]
  .rodata            const         0x1e10    0x28  fsl_clock.o [5]
  .rodata            const         0x1e38    0x28  fsl_spi.o [5]
  .text              ro code       0x1e60    0x28  startup_MKE06Z4.o [7]
  .text              ro code       0x1e88    0x28  data_init.o [10]
  .rodata            const         0x1eb0    0x24  fsl_adapter_uart.o [3]
  .iar.init_table    const         0x1ed4    0x24  - Linker created -
  .rodata            const         0x1ef8    0x20  fsl_spi.o [5]
  .rodata            const         0x1f18    0x20  main.o [6]
  .text              ro code       0x1f38    0x1e  cmain.o [10]
  .text              ro code       0x1f56     0x4  low_level_init.o [9]
  .text              ro code       0x1f5a     0x8  exit.o [9]
  .text              ro code       0x1f62     0x2  startup_MKE06Z4.o [7]
  .text              ro code       0x1f64     0xa  cexit.o [10]
  .text              ro code       0x1f70    0x14  exit.o [11]
  .rodata            const         0x1f84    0x1c  fsl_uart.o [5]
  .rodata            const         0x1fa0    0x1c  fsl_uart.o [5]
  .text              ro code       0x1fbc    0x1c  cstartup_M.o [10]
  .rodata            const         0x1fd8    0x14  fsl_spi.o [5]
  .rodata            const         0x1fec    0x14  fsl_spi.o [5]
  .rodata            const         0x2000     0xc  fsl_adapter_uart.o [3]
  .rodata            const         0x200c     0xc  fsl_clock.o [5]
  .rodata            const         0x2018     0xc  fsl_gpio.o [5]
  .rodata            const         0x2024     0xc  fsl_spi.o [5]
  .rodata            const         0x2030     0xc  fsl_uart.o [5]
  .rodata            const         0x203c     0xc  fsl_uart.o [5]
  .rodata            const         0x2048     0xc  fsl_uart.o [5]
  .rodata            const         0x2054     0xc  fsl_uart.o [5]
  .rodata            const         0x2060     0xc  main.o [6]
  .rodata            const         0x206c     0xc  peripherals.o [1]
  .rodata            const         0x2078     0x8  clock_config.o [1]
  .rodata            const         0x2080     0x8  fsl_adapter_uart.o [3]
  .rodata            const         0x2088     0x8  fsl_adapter_uart.o [3]
  .rodata            const         0x2090     0x8  fsl_adapter_uart.o [3]
  .rodata            const         0x2098     0x8  fsl_adapter_uart.o [3]
  .rodata            const         0x20a0     0x8  fsl_gpio.o [5]
  .rodata            const         0x20a8     0x8  fsl_spi.o [5]
  .rodata            const         0x20b0     0x8  fsl_spi.o [5]
  .text              ro code       0x20b8     0x8  startup_MKE06Z4.o [7]
  .text              ro code       0x20c0     0x8  startup_MKE06Z4.o [7]
  .text              ro code       0x20c8     0x8  startup_MKE06Z4.o [7]
  .text              ro code       0x20d0     0x8  startup_MKE06Z4.o [7]
  .text              ro code       0x20d8     0x8  startup_MKE06Z4.o [7]
  .text              ro code       0x20e0     0x8  startup_MKE06Z4.o [7]
  .text              ro code       0x20e8     0x8  startup_MKE06Z4.o [7]
  .text              ro code       0x20f0     0x8  startup_MKE06Z4.o [7]
  .text              ro code       0x20f8     0x8  startup_MKE06Z4.o [7]
  .text              ro code       0x2100     0x8  startup_MKE06Z4.o [7]
  .text              ro code       0x2108     0x8  startup_MKE06Z4.o [7]
  Initializer bytes  const         0x2110     0x8  <for RW-1>
  .rodata            const         0x2118     0x4  clock_config.o [1]
  .rodata            const         0x211c     0x4  clock_config.o [1]
  .rodata            const         0x2120     0x0  zero_init3.o [10]
  .rodata            const         0x2120     0x0  copy_init3.o [10]
                                 - 0x2120  0x1d10

"P3-P4|P7-P9", part 1 of 2:                   0x8
  RW                          0x1fff'f000     0x8  <Block>
    RW-1                      0x1fff'f000     0x8  <Init block>
      .data          inited   0x1fff'f000     0x4  fsl_clock.o [5]
      .data          inited   0x1fff'f004     0x4  system_MKE06Z4.o [4]
                            - 0x1fff'f008     0x8

"P3-P4|P7-P9", part 2 of 2:                  0x64
  ZI                          0x1fff'f008    0x64  <Block>
    .bss             zero     0x1fff'f008     0x4  fsl_clock.o [5]
    .bss             zero     0x1fff'f00c    0x14  fsl_debug_console.o [8]
    .bss             zero     0x1fff'f020     0x8  fsl_spi.o [5]
    .bss             zero     0x1fff'f028     0x4  fsl_spi.o [5]
    .bss             zero     0x1fff'f02c     0x4  fsl_spi.o [5]
    .bss             zero     0x1fff'f030     0xc  fsl_uart.o [5]
    .bss             zero     0x1fff'f03c     0x4  fsl_uart.o [5]
    .bss             zero     0x1fff'f040    0x24  main.o [6]
    .bss             zero     0x1fff'f064     0x2  fsl_spi.o [5]
    .bss             zero     0x1fff'f066     0x1  main.o [6]
    .bss             zero     0x1fff'f067     0x1  main.o [6]
    .bss             zero     0x1fff'f068     0x1  main.o [6]
                            - 0x1fff'f06c    0x64

"P6":                                       0x400
  CSTACK                      0x2000'2c00   0x400  <Block>
    CSTACK           uninit   0x2000'2c00   0x400  <Block tail>
                            - 0x2000'3000   0x400

Unused ranges:

         From           To      Size
         ----           --      ----
        0x196        0x1ff      0x6a
       0x2120     0x1'ffff  0x1'dee0
  0x1fff'f06c  0x2000'2bff    0x3b94


*******************************************************************************
*** INIT TABLE
***

          Address      Size
          -------      ----
Zero (__iar_zero_init3)
    1 destination range, total size 0x61:
          0x1fff'f008  0x61

Copy (__iar_copy_init3)
    1 source range, total size 0x8:
               0x2110   0x8
    1 destination range, total size 0x8:
          0x1fff'f000   0x8



*******************************************************************************
*** MODULE SUMMARY
***

    Module               ro code  ro data  rw data
    ------               -------  -------  -------
command line/config:
    ----------------------------------------------
    Total:

C:\Users\Admin M1\Desktop\CodeNampt\bootloader\debug\obj\board: [1]
    board.o                   26
    clock_config.o           120       16
    peripherals.o            124       12
    pin_mux.o                 92        6
    ----------------------------------------------
    Total:                   362       34

C:\Users\Admin M1\Desktop\CodeNampt\bootloader\debug\obj\component\lists: [2]
    ----------------------------------------------
    Total:

C:\Users\Admin M1\Desktop\CodeNampt\bootloader\debug\obj\component\uart: [3]
    fsl_adapter_uart.o       476      236
    ----------------------------------------------
    Total:                   476      236

C:\Users\Admin M1\Desktop\CodeNampt\bootloader\debug\obj\device: [4]
    system_MKE06Z4.o          74        4        4
    ----------------------------------------------
    Total:                    74        4        4

C:\Users\Admin M1\Desktop\CodeNampt\bootloader\debug\obj\drivers: [5]
    fsl_clock.o              872      124        8
    fsl_gpio.o               288       88
    fsl_port.o               116
    fsl_spi.o              1'528      270       18
    fsl_uart.o               844      172       16
    ----------------------------------------------
    Total:                 3'648      654       42

C:\Users\Admin M1\Desktop\CodeNampt\bootloader\debug\obj\source: [6]
    main.o                   172       44       39
    ----------------------------------------------
    Total:                   172       44       39

C:\Users\Admin M1\Desktop\CodeNampt\bootloader\debug\obj\startup: [7]
    startup_MKE06Z4.o        346
    ----------------------------------------------
    Total:                   346

C:\Users\Admin M1\Desktop\CodeNampt\bootloader\debug\obj\utilities: [8]
    fsl_assert.o              28       44
    fsl_debug_console.o    1'098                20
    ----------------------------------------------
    Total:                 1'126       44       20

dl6M_tln.a: [9]
    exit.o                     8
    low_level_init.o           4
    ----------------------------------------------
    Total:                    12

rt6M_tl.a: [10]
    ABImemcpy.o               78
    ABImemset.o               82
    I32DivModFast.o          174
    IntDivZer.o                2
    cexit.o                   10
    cmain.o                   30
    copy_init3.o              48
    cstartup_M.o              28
    data_init.o               40
    strlen.o                  14
    zero_init3.o              60
    ----------------------------------------------
    Total:                   566

shb_l.a: [11]
    exit.o                    20
    ----------------------------------------------
    Total:                    20

    Gaps                       8
    Linker created                     36    1'024
--------------------------------------------------
    Grand Total:           6'810    1'052    1'129


*******************************************************************************
*** ENTRY LIST
***

Entry                       Address   Size  Type      Object
-----                       -------   ----  ----      ------
.iar.init_table$$Base        0x1ed4          --   Gb  - Linker created -
.iar.init_table$$Limit       0x1ef8          --   Gb  - Linker created -
?main                        0x1f39         Code  Gb  cmain.o [10]
BOARD_BootClockRUN           0x19e7   0x32  Code  Gb  clock_config.o [1]
BOARD_InitBootClocks         0x19df    0x8  Code  Gb  clock_config.o [1]
BOARD_InitBootPeripherals
                             0x1ac9    0x8  Code  Gb  peripherals.o [1]
BOARD_InitBootPins           0x1965    0x8  Code  Gb  pin_mux.o [1]
BOARD_InitDebugConsole       0x1a39   0x1a  Code  Gb  board.o [1]
BOARD_InitPeripherals        0x1ac1    0x8  Code  Gb  peripherals.o [1]
BOARD_InitPins               0x196d   0x44  Code  Gb  pin_mux.o [1]
CLOCK_BootToFeeMode          0x1779   0x14  Code  Gb  fsl_clock.o [5]
CLOCK_EnableClock             0x429   0x12  Code  Lc  fsl_spi.o [5]
CLOCK_EnableClock            0x10e5   0x12  Code  Lc  fsl_uart.o [5]
CLOCK_GetCoreSysClkFreq
                             0x1559   0x18  Code  Gb  fsl_clock.o [5]
CLOCK_GetFlashClkFreq        0x1533   0x26  Code  Gb  fsl_clock.o [5]
CLOCK_GetFllExtRefClkFreq
                             0x1473   0x4e  Code  Lc  fsl_clock.o [5]
CLOCK_GetFllFreq             0x1655   0x1a  Code  Gb  fsl_clock.o [5]
CLOCK_GetFllRefClkFreq       0x14c1   0x1e  Code  Lc  fsl_clock.o [5]
CLOCK_GetFreq                0x1589   0x66  Code  Gb  fsl_clock.o [5]
CLOCK_GetICSExtClkFreq       0x1457   0x1c  Code  Lc  fsl_clock.o [5]
CLOCK_GetICSFixedFreqClkFreq
                             0x168d   0x20  Code  Gb  fsl_clock.o [5]
CLOCK_GetICSOutClkFreq       0x1611   0x44  Code  Gb  fsl_clock.o [5]
CLOCK_GetInternalRefClkFreq
                             0x166f   0x14  Code  Gb  fsl_clock.o [5]
CLOCK_GetOsc0ErClkFreq       0x150b   0x28  Code  Gb  fsl_clock.o [5]
CLOCK_GetOscRangeFromFreq
                             0x14df   0x2c  Code  Lc  fsl_clock.o [5]
CLOCK_GetTimerClkFreq        0x1571   0x18  Code  Gb  fsl_clock.o [5]
CLOCK_InitOsc0               0x16ad   0x38  Code  Gb  fsl_clock.o [5]
CLOCK_SetFeeMode             0x170d   0x5e  Code  Gb  fsl_clock.o [5]
CLOCK_SetInternalRefClkConfig
                             0x19cb    0xe  Code  Lc  clock_config.o [1]
CLOCK_SetOutDiv              0x1431   0x26  Code  Lc  fsl_clock.o [5]
CLOCK_SetSimConfig           0x15ef   0x22  Code  Gb  fsl_clock.o [5]
CLOCK_SetSimSafeDivs         0x19c1    0xa  Code  Lc  clock_config.o [1]
CLOCK_SetXtal0Freq           0x19d9    0x6  Code  Lc  clock_config.o [1]
CSTACK$$Base            0x2000'2c00          --   Gb  - Linker created -
CSTACK$$Limit           0x2000'3000          --   Gb  - Linker created -
DbgConsole_ConvertRadixNumToString
                              0xb3b   0x78  Code  Lc  fsl_debug_console.o [8]
DbgConsole_Init               0xa5d   0x52  Code  Gb  fsl_debug_console.o [8]
DbgConsole_Printf             0xaaf   0x1c  Code  Gb  fsl_debug_console.o [8]
DbgConsole_PrintfFormattedData
                              0xbb3  0x2f4  Code  Lc  fsl_debug_console.o [8]
DbgConsole_PrintfPaddingCharacter
                              0xb19   0x22  Code  Lc  fsl_debug_console.o [8]
DbgConsole_Putchar            0xaed   0x1c  Code  Gb  fsl_debug_console.o [8]
DbgConsole_Vprintf            0xacb   0x22  Code  Gb  fsl_debug_console.o [8]
EnableIRQ                     0x43b   0x24  Code  Lc  fsl_spi.o [5]
EnableIRQ                    0x1a6d   0x24  Code  Lc  peripherals.o [1]
GPIO_PinInit                 0x1799   0xc0  Code  Gb  fsl_gpio.o [5]
GPIO_PinWrite                0x1859   0x54  Code  Gb  fsl_gpio.o [5]
HAL_UartGetStatus             0xea9   0x10  Code  Lc  fsl_adapter_uart.o [3]
HAL_UartInit                  0xeb9   0xe2  Code  Gb  fsl_adapter_uart.o [3]
HAL_UartReceiveBlocking
                              0xf9b   0x64  Code  Gb  fsl_adapter_uart.o [3]
HAL_UartSendBlocking          0xfff   0x60  Code  Gb  fsl_adapter_uart.o [3]
PORT_SetPinSelect            0x1ad1   0x62  Code  Gb  fsl_port.o [5]
RW$$Base                0x1fff'f000          --   Gb  - Linker created -
RW$$Limit               0x1fff'f008          --   Gb  - Linker created -
Region$$Table$$Base          0x1ed4          --   Gb  - Linker created -
Region$$Table$$Limit         0x1ef8          --   Gb  - Linker created -
Reset_Handler                0x1e61         Code  Wk  startup_MKE06Z4.o [7]
SPI0_DriverIRQHandler         0x989   0x22  Code  Gb  fsl_spi.o [5]
SPI1_DriverIRQHandler         0x9b1   0x22  Code  Gb  fsl_spi.o [5]
SPI1_config                  0x206c    0xc  Data  Gb  peripherals.o [1]
SPI1_init                    0x1a91   0x1e  Code  Lc  peripherals.o [1]
SPI_CommonIRQHandler          0x955   0x30  Code  Lc  fsl_spi.o [5]
SPI_DisableInterrupts         0x6f3   0x28  Code  Gb  fsl_spi.o [5]
SPI_EnableInterrupts          0x6cb   0x28  Code  Gb  fsl_spi.o [5]
SPI_GetInstance               0x45f   0x30  Code  Gb  fsl_spi.o [5]
SPI_GetStatusFlags            0x6c5    0x6  Code  Gb  fsl_spi.o [5]
SPI_GetWatermark              0x4ff    0xa  Code  Lc  fsl_spi.o [5]
SPI_MasterInit                0x5f1   0xba  Code  Gb  fsl_spi.o [5]
SPI_MasterSetBaudRate         0x71b   0x7e  Code  Gb  fsl_spi.o [5]
SPI_MasterTransferAbort
                              0x891   0x30  Code  Gb  fsl_spi.o [5]
SPI_MasterTransferCreateHandle
                              0x7ad   0x64  Code  Gb  fsl_spi.o [5]
SPI_MasterTransferHandleIRQ
                              0x8c1   0x72  Code  Gb  fsl_spi.o [5]
SPI_MasterTransferNonBlocking
                              0x811   0x80  Code  Gb  fsl_spi.o [5]
SPI_ReadData                  0x799    0xa  Code  Gb  fsl_spi.o [5]
SPI_ReadNonBlocking           0x4d3   0x2c  Code  Lc  fsl_spi.o [5]
SPI_ReceiveTransfer           0x5b5   0x3c  Code  Lc  fsl_spi.o [5]
SPI_SendInitialTransfer
                              0x509   0x30  Code  Lc  fsl_spi.o [5]
SPI_SendTransfer              0x539   0x7c  Code  Lc  fsl_spi.o [5]
SPI_SetDummyData              0x48f   0x12  Code  Gb  fsl_spi.o [5]
SPI_WriteNonBlocking          0x4a1   0x32  Code  Lc  fsl_spi.o [5]
SystemCoreClock         0x1fff'f004    0x4  Data  Gb  system_MKE06Z4.o [4]
SystemInit                   0x1be1   0x2c  Code  Gb  system_MKE06Z4.o [4]
UART0_DriverIRQHandler       0x13e9   0x10  Code  Gb  fsl_uart.o [5]
UART1_DriverIRQHandler       0x13fb   0x10  Code  Gb  fsl_uart.o [5]
UART2_DriverIRQHandler       0x140b   0x10  Code  Gb  fsl_uart.o [5]
UART_ClearStatusFlags        0x12b9   0x32  Code  Gb  fsl_uart.o [5]
UART_GetDefaultConfig        0x1257   0x44  Code  Gb  fsl_uart.o [5]
UART_GetInstance             0x10f7   0x32  Code  Gb  fsl_uart.o [5]
UART_GetStatusFlags          0x12ad    0xc  Code  Gb  fsl_uart.o [5]
UART_Init                    0x1129  0x12e  Code  Gb  fsl_uart.o [5]
UART_ReadBlocking            0x1321   0xaa  Code  Gb  fsl_uart.o [5]
UART_WriteBlocking           0x12f5   0x24  Code  Gb  fsl_uart.o [5]
ZI$$Base                0x1fff'f008          --   Gb  - Linker created -
ZI$$Limit               0x1fff'f06c          --   Gb  - Linker created -
__NVIC_EnableIRQ              0x411   0x18  Code  Lc  fsl_spi.o [5]
__NVIC_EnableIRQ             0x1a55   0x18  Code  Lc  peripherals.o [1]
__Vectors                       0x0          --   Gb  startup_MKE06Z4.o [7]
__Vectors_End                  0xc0         Data  Gb  startup_MKE06Z4.o [7]
__Vectors_Size {Abs}           0xc0          --   Gb  startup_MKE06Z4.o [7]
__aeabi_assert                 0xc1   0x1c  Code  Gb  fsl_assert.o [8]
__aeabi_idiv0                 0x191         Code  Gb  IntDivZer.o [10]
__aeabi_memclr4               0xa29         Code  Gb  ABImemset.o [10]
__aeabi_memclr8               0xa29         Code  Gb  ABImemset.o [10]
__aeabi_memcpy               0x10b9         Code  Gb  ABImemcpy.o [10]
__aeabi_memcpy4              0x1085         Code  Gb  ABImemcpy.o [10]
__aeabi_memcpy8              0x1085         Code  Gb  ABImemcpy.o [10]
__aeabi_memset                0xa09         Code  Gb  ABImemset.o [10]
__aeabi_uidiv                  0xdd         Code  Gb  I32DivModFast.o [10]
__aeabi_uidivmod               0xdd         Code  Gb  I32DivModFast.o [10]
__cmain                      0x1f39         Code  Gb  cmain.o [10]
__exit                       0x1f71   0x14  Code  Gb  exit.o [11]
__iar_Memcpy                 0x10c5         Code  Gb  ABImemcpy.o [10]
__iar_Memset4_word            0xa2d         Code  Gb  ABImemset.o [10]
__iar_Memset_word             0xa15         Code  Gb  ABImemset.o [10]
__iar_copy_init3             0x1db5   0x30  Code  Gb  copy_init3.o [10]
__iar_data_init3             0x1e89   0x28  Code  Gb  data_init.o [10]
__iar_program_start          0x1fbd         Code  Gb  cstartup_M.o [10]
__iar_zero_init3             0x1d79   0x3c  Code  Gb  zero_init3.o [10]
__low_level_init             0x1f57    0x4  Code  Gb  low_level_init.o [9]
__vector_table                  0x0         Data  Gb  startup_MKE06Z4.o [7]
__vector_table_0x1c            0x1c         Data  Gb  startup_MKE06Z4.o [7]
_call_main                   0x1f45         Code  Gb  cmain.o [10]
_exit                        0x1f65         Code  Gb  cexit.o [10]
destBuff                0x1fff'f067    0x1  Data  Lc  main.o [6]
exit                         0x1f5b    0x8  Code  Gb  exit.o [9]
g_spiDummyData          0x1fff'f064    0x2  Data  Gb  fsl_spi.o [5]
g_xtal0Freq             0x1fff'f008    0x4  Data  Gb  fsl_clock.o [5]
handle                  0x1fff'f040   0x24  Data  Gb  main.o [6]
icsConfig_BOARD_BootClockRUN
                             0x2118    0x4  Data  Gb  clock_config.o [1]
main                         0x18c5   0x7e  Code  Gb  main.o [6]
masterCallback               0x18b9    0xc  Code  Lc  main.o [6]
masterFinished          0x1fff'f068    0x1  Data  Lc  main.o [6]
oscConfig_BOARD_BootClockRUN
                             0x2078    0x8  Data  Gb  clock_config.o [1]
s_UartAdapterBase            0x2000    0xc  Data  Lc  fsl_adapter_uart.o [3]
s_debugConsole          0x1fff'f00c   0x14  Data  Lc  fsl_debug_console.o [8]
s_gpioBases                  0x2018    0xc  Data  Lc  fsl_gpio.o [5]
s_slowIrcFreq           0x1fff'f000    0x4  Data  Lc  fsl_clock.o [5]
s_spiBases                   0x20a8    0x8  Data  Lc  fsl_spi.o [5]
s_spiClock                   0x20b0    0x8  Data  Lc  fsl_spi.o [5]
s_spiHandle             0x1fff'f020    0x8  Data  Lc  fsl_spi.o [5]
s_spiIRQ                      0x18a    0x2  Data  Lc  fsl_spi.o [5]
s_spiMasterIsr          0x1fff'f028    0x4  Data  Lc  fsl_spi.o [5]
s_spiSlaveIsr           0x1fff'f02c    0x4  Data  Lc  fsl_spi.o [5]
s_uartBases                  0x2048    0xc  Data  Lc  fsl_uart.o [5]
s_uartClock                  0x2054    0xc  Data  Lc  fsl_uart.o [5]
s_uartHandle            0x1fff'f030    0xc  Data  Gb  fsl_uart.o [5]
s_uartIsr               0x1fff'f03c    0x4  Data  Gb  fsl_uart.o [5]
simConfig_BOARD_BootClockRUN
                             0x211c    0x4  Data  Gb  clock_config.o [1]
srcBuff                 0x1fff'f066    0x1  Data  Lc  main.o [6]
strlen                       0x10d5         Code  Gb  strlen.o [10]


[1] = C:\Users\Admin M1\Desktop\CodeNampt\bootloader\debug\obj\board
[2] = C:\Users\Admin M1\Desktop\CodeNampt\bootloader\debug\obj\component\lists
[3] = C:\Users\Admin M1\Desktop\CodeNampt\bootloader\debug\obj\component\uart
[4] = C:\Users\Admin M1\Desktop\CodeNampt\bootloader\debug\obj\device
[5] = C:\Users\Admin M1\Desktop\CodeNampt\bootloader\debug\obj\drivers
[6] = C:\Users\Admin M1\Desktop\CodeNampt\bootloader\debug\obj\source
[7] = C:\Users\Admin M1\Desktop\CodeNampt\bootloader\debug\obj\startup
[8] = C:\Users\Admin M1\Desktop\CodeNampt\bootloader\debug\obj\utilities
[9] = dl6M_tln.a
[10] = rt6M_tl.a
[11] = shb_l.a

  6'810 bytes of readonly  code memory
  1'052 bytes of readonly  data memory
  1'129 bytes of readwrite data memory

Errors: none
Warnings: none
