###############################################################################
#
# IAR ELF Linker V9.20.4.327/W64 for ARM                  03/Jul/2023  16:18:14
# Copyright 2007-2022 IAR Systems AB.
#
#    Output file  =
#        C:\Users\Admin M1\Desktop\CodeNampt\BLD\debug\app_vac_5g.out
#    Map file     =
#        C:\Users\Admin M1\Desktop\CodeNampt\BLD\debug\list\app_vac_5g.map
#    Command line =
#        -f "C:\Users\Admin M1\Desktop\CodeNampt\BLD\debug\app_vac_5g.out.rsp"
#        ("C:\Users\Admin M1\Desktop\CodeNampt\BLD\debug\obj\board\board.o"
#        "C:\Users\Admin
#        M1\Desktop\CodeNampt\BLD\debug\obj\board\clock_config.o"
#        "C:\Users\Admin
#        M1\Desktop\CodeNampt\BLD\debug\obj\component\uart\fsl_adapter_uart.o"
#        "C:\Users\Admin
#        M1\Desktop\CodeNampt\BLD\debug\obj\utilities\fsl_assert.o"
#        "C:\Users\Admin
#        M1\Desktop\CodeNampt\BLD\debug\obj\drivers\fsl_clock.o"
#        "C:\Users\Admin
#        M1\Desktop\CodeNampt\BLD\debug\obj\drivers\fsl_common.o"
#        "C:\Users\Admin
#        M1\Desktop\CodeNampt\BLD\debug\obj\drivers\fsl_common_arm.o"
#        "C:\Users\Admin
#        M1\Desktop\CodeNampt\BLD\debug\obj\component\lists\fsl_component_generic_list.o"
#        "C:\Users\Admin
#        M1\Desktop\CodeNampt\BLD\debug\obj\utilities\fsl_debug_console.o"
#        "C:\Users\Admin
#        M1\Desktop\CodeNampt\BLD\debug\obj\drivers\fsl_flash.o"
#        "C:\Users\Admin M1\Desktop\CodeNampt\BLD\debug\obj\drivers\fsl_ftm.o"
#        "C:\Users\Admin M1\Desktop\CodeNampt\BLD\debug\obj\drivers\fsl_gpio.o"
#        "C:\Users\Admin M1\Desktop\CodeNampt\BLD\debug\obj\drivers\fsl_port.o"
#        "C:\Users\Admin M1\Desktop\CodeNampt\BLD\debug\obj\drivers\fsl_spi.o"
#        "C:\Users\Admin M1\Desktop\CodeNampt\BLD\debug\obj\drivers\fsl_uart.o"
#        "C:\Users\Admin M1\Desktop\CodeNampt\BLD\debug\obj\source\main.o"
#        "C:\Users\Admin M1\Desktop\CodeNampt\BLD\debug\obj\board\pin_mux.o"
#        "C:\Users\Admin
#        M1\Desktop\CodeNampt\BLD\debug\obj\startup\startup_MKE06Z4.o"
#        "C:\Users\Admin
#        M1\Desktop\CodeNampt\BLD\debug\obj\device\system_MKE06Z4.o"
#        "C:\Users\Admin
#        M1\Desktop\CodeNampt\BLD\debug\obj\source\vac_flash_spi.o"
#        "C:\Users\Admin
#        M1\Desktop\CodeNampt\BLD\debug\obj\source\vac_i2c_soft.o"
#        "C:\Users\Admin M1\Desktop\CodeNampt\BLD\debug\obj\source\vac_rs485.o"
#        "C:\Users\Admin M1\Desktop\CodeNampt\BLD\debug\obj\source\vac_timer.o"
#        "C:\Users\Admin M1\Desktop\CodeNampt\BLD\debug\obj\source\vac_uart.o"
#        "C:\Users\Admin
#        M1\Desktop\CodeNampt\BLD\debug\obj\source\vac_variables.o" --redirect
#        _Printf=_PrintfSmallNoMb --redirect _Scanf=_ScanfSmallNoMb
#        --no_out_extension -o "C:\Users\Admin
#        M1\Desktop\CodeNampt\BLD\debug\app_vac_5g.out" --map "C:\Users\Admin
#        M1\Desktop\CodeNampt\BLD\debug\list\app_vac_5g.map" --config
#        "C:\Users\Admin
#        M1\Desktop\CodeNampt\BLD/MKE06Z4/iar/MKE06Z128xxx4_flash.icf"
#        --semihosting --entry Reset_Handler --vfe --text_out locale)
#
###############################################################################

*******************************************************************************
*** RUNTIME MODEL ATTRIBUTES
***

CppFlavor       = *
__CPP_Runtime   = 1
__Heap_Handler  = DLMalloc
__SystemLibrary = DLib
__dlib_version  = 6


*******************************************************************************
*** HEAP SELECTION
***

The advanced heap was selected because the application calls memory
allocation functions outside of system library functions, and there
are calls to deallocation functions in the application.


*******************************************************************************
*** PLACEMENT SUMMARY
***

"A0":  place at address 0x0 { ro section .intvec };
"P1":  place in [from 0x400 to 0x40f] { section FlashConfig };
"P2":  place in [from 0x0 to 0x1ff] |
                [from 0x410 to 0x1'ffff] { ro };
define block RW { rw };
"P3":  place in [from 0x1fff'f000 to 0x2000'2bff] { block RW };
define block ZI { zi };
"P4":  place in [from 0x1fff'f000 to 0x2000'2bff] { block ZI };
define block NCACHE_VAR { section NonCacheable, section NonCacheable.init };
"P7":  place in [from 0x1fff'f000 to 0x2000'2bff] { block NCACHE_VAR };
define block QACCESS_CODE { section CodeQuickAccess };
"P8":  place in [from 0x1fff'f000 to 0x2000'2bff] { block QACCESS_CODE };
define block QACCESS_DATA { section DataQuickAccess };
"P9":  place in [from 0x1fff'f000 to 0x2000'2bff] { block QACCESS_DATA };
define block CSTACK with size = 1K, alignment = 8 { };
"P6":  place in [from 0x2000'2c00 to 0x2000'2fff] { block CSTACK };
initialize by copy {
   rw, section .textrw, section CodeQuickAccess, section DataQuickAccess };

No sections matched the following patterns:

  section CodeQuickAccess    in block QACCESS_CODE
  section DataQuickAccess    in block QACCESS_DATA
  section NonCacheable       in block NCACHE_VAR
  section NonCacheable.init  in block NCACHE_VAR


  Section            Kind         Address    Size  Object
  -------            ----         -------    ----  ------
"A0":                                        0xc0
  .intvec            ro code          0x0    0xc0  startup_MKE06Z4.o [7]
                                   - 0xc0    0xc0

"P2", part 1 of 2:                           0xe4
  .text              ro code         0xc0    0x4e  ABImemcpy.o [10]
  Initializer bytes  const          0x10e    0x96  <for RW-1>
                                  - 0x1a4    0xe4

"P1":                                        0x10
  FlashConfig        ro code        0x400    0x10  startup_MKE06Z4.o [7]
                                  - 0x410    0x10

"P2", part 2 of 2:                         0x3134
  .text              ro code        0x410   0x4d4  fsl_flash.o [5]
  .text              ro code        0x8e4    0xe0  I32DivModFast.o [10]
  .rodata            const          0x9c4     0x2  pin_mux.o [1]
  .text              ro code        0x9c8    0x52  ABImemset.o [10]
  .rodata            const          0xa1a     0x2  pin_mux.o [1]
  .text              ro code        0xa1c     0x2  IntDivZer.o [10]
  .rodata            const          0xa1e     0x2  pin_mux.o [1]
  .text              ro code        0xa20   0x44a  fsl_debug_console.o [8]
  .rodata            const          0xe6a     0x2  pin_mux.o [1]
  .text              ro code        0xe6c   0x1dc  fsl_adapter_uart.o [3]
  .text              ro code       0x1048     0xe  strlen.o [10]
  .rodata            const         0x1056     0x2  pin_mux.o [1]
  .text              ro code       0x1058    0x1c  fsl_assert.o [8]
  .text              ro code       0x1074   0x35c  fsl_uart.o [5]
  .text              ro code       0x13d0   0x3b6  vac_flash_spi.o [6]
  .rodata            const         0x1786     0x2  pin_mux.o [1]
  .text              ro code       0x1788   0x120  fsl_gpio.o [5]
  .text              ro code       0x18a8   0x37c  fsl_spi.o [5]
  .text              ro code       0x1c24   0x2dc  fsl_clock.o [5]
  .text              ro code       0x1f00   0x34c  vac_i2c_soft.o [6]
  .text              ro code       0x224c   0x2fa  fsl_ftm.o [5]
  .rodata            const         0x2546     0x2  pin_mux.o [1]
  .text              ro code       0x2548   0x25a  main.o [6]
  .rodata            const         0x27a2     0x2  pin_mux.o [1]
  .text              ro code       0x27a4   0x150  pin_mux.o [1]
  .text              ro code       0x28f4    0x5c  clock_config.o [1]
  .text              ro code       0x2950    0x1a  board.o [1]
  .rodata            const         0x296a     0x2  pin_mux.o [1]
  .text              ro code       0x296c   0x194  vac_timer.o [6]
  .text              ro code       0x2b00    0x88  vac_rs485.o [6]
  .text              ro code       0x2b88    0x74  fsl_port.o [5]
  .text              ro code       0x2bfc    0x32  I64Mul.o [10]
  .text              ro code       0x2c2e    0x7c  I64DivMod.o [10]
  .rodata            const         0x2caa     0x2  pin_mux.o [1]
  .text              ro code       0x2cac     0x2  I64DivZer.o [10]
  .text              ro code       0x2cae   0x1f0  lz77_init.o [10]
  .text              ro code       0x2e9e     0xa  abort.o [9]
  .text              ro code       0x2ea8    0x14  exit.o [11]
  .rodata            const         0x2ebc    0x4c  fsl_adapter_uart.o [3]
  .rodata            const         0x2f08    0x48  fsl_adapter_uart.o [3]
  .text              ro code       0x2f50    0x48  system_MKE06Z4.o [4]
  .text              ro code       0x2f98     0x2  system_MKE06Z4.o [4]
  .rodata            const         0x2f9a     0x2  pin_mux.o [1]
  .rodata            const         0x2f9c    0x3c  fsl_clock.o [5]
  .rodata            const         0x2fd8    0x3c  fsl_ftm.o [5]
  .rodata            const         0x3014    0x3c  fsl_gpio.o [5]
  .rodata            const         0x3050    0x3c  fsl_spi.o [5]
  .rodata            const         0x308c    0x3c  fsl_spi.o [5]
  .rodata            const         0x30c8    0x3c  fsl_uart.o [5]
  .rodata            const         0x3104    0x3c  vac_timer.o [6]
  .text              ro code       0x3140    0x3c  vac_uart.o [6]
  .text              ro code       0x317c    0x3c  zero_init3.o [10]
  .rodata            const         0x31b8    0x34  vac_timer.o [6]
  .rodata            const         0x31ec    0x2c  fsl_assert.o [8]
  .rodata            const         0x3218    0x28  fsl_spi.o [5]
  .rodata            const         0x3240    0x28  vac_timer.o [6]
  .text              ro code       0x3268    0x28  startup_MKE06Z4.o [7]
  .text              ro code       0x3290    0x28  data_init.o [10]
  .rodata            const         0x32b8    0x24  fsl_adapter_uart.o [3]
  .iar.init_table    const         0x32dc    0x2c  - Linker created -
  .text              ro code       0x3308    0x1e  cmain.o [10]
  .text              ro code       0x3326     0x4  low_level_init.o [9]
  .text              ro code       0x332a     0x8  exit.o [9]
  .rodata            const         0x3332     0x2  pin_mux.o [1]
  .text              ro code       0x3334     0xa  cexit.o [10]
  .rodata            const         0x333e     0x2  vac_i2c_soft.o [6]
  .rodata            const         0x3340    0x1c  fsl_flash.o [5]
  .rodata            const         0x335c    0x1c  fsl_ftm.o [5]
  .rodata            const         0x3378    0x1c  fsl_uart.o [5]
  .rodata            const         0x3394    0x1c  fsl_uart.o [5]
  .text              ro code       0x33b0    0x1c  cstartup_M.o [10]
  .rodata            const         0x33cc    0x14  fsl_spi.o [5]
  .rodata            const         0x33e0    0x14  fsl_spi.o [5]
  .rodata            const         0x33f4    0x10  fsl_ftm.o [5]
  .rodata            const         0x3404     0xc  fsl_adapter_uart.o [3]
  .rodata            const         0x3410     0xc  fsl_clock.o [5]
  .rodata            const         0x341c     0xc  fsl_flash.o [5]
  .rodata            const         0x3428     0xc  fsl_ftm.o [5]
  .rodata            const         0x3434     0xc  fsl_ftm.o [5]
  .rodata            const         0x3440     0xc  fsl_ftm.o [5]
  .rodata            const         0x344c     0xc  fsl_gpio.o [5]
  .rodata            const         0x3458     0xc  fsl_spi.o [5]
  .rodata            const         0x3464     0xc  fsl_uart.o [5]
  .rodata            const         0x3470     0xc  fsl_uart.o [5]
  .rodata            const         0x347c     0xc  fsl_uart.o [5]
  .rodata            const         0x3488     0xc  fsl_uart.o [5]
  .rodata            const         0x3494     0x8  fsl_adapter_uart.o [3]
  .rodata            const         0x349c     0x8  fsl_adapter_uart.o [3]
  .rodata            const         0x34a4     0x8  fsl_adapter_uart.o [3]
  .rodata            const         0x34ac     0x8  fsl_adapter_uart.o [3]
  .rodata            const         0x34b4     0x8  fsl_ftm.o [5]
  .rodata            const         0x34bc     0x8  fsl_gpio.o [5]
  .rodata            const         0x34c4     0x8  fsl_spi.o [5]
  .rodata            const         0x34cc     0x8  fsl_spi.o [5]
  .rodata            const         0x34d4     0x8  main.o [6]
  .text              ro code       0x34dc     0x8  startup_MKE06Z4.o [7]
  .text              ro code       0x34e4     0x8  startup_MKE06Z4.o [7]
  .text              ro code       0x34ec     0x8  startup_MKE06Z4.o [7]
  .text              ro code       0x34f4     0x8  startup_MKE06Z4.o [7]
  .text              ro code       0x34fc     0x8  startup_MKE06Z4.o [7]
  .text              ro code       0x3504     0x8  startup_MKE06Z4.o [7]
  .text              ro code       0x350c     0x8  startup_MKE06Z4.o [7]
  .text              ro code       0x3514     0x8  startup_MKE06Z4.o [7]
  .text              ro code       0x351c     0x8  startup_MKE06Z4.o [7]
  .text              ro code       0x3524     0x8  startup_MKE06Z4.o [7]
  .rodata            const         0x352c     0x4  clock_config.o [1]
  .rodata            const         0x3530     0x4  clock_config.o [1]
  .rodata            const         0x3534     0x4  main.o [6]
  .rodata            const         0x3538     0x2  vac_i2c_soft.o [6]
  .rodata            const         0x353a     0x2  vac_i2c_soft.o [6]
  .text              ro code       0x353c     0x2  startup_MKE06Z4.o [7]
  .text              ro code       0x353e     0x2  startup_MKE06Z4.o [7]
  .text              ro code       0x3540     0x2  startup_MKE06Z4.o [7]
  .text              ro code       0x3542     0x2  startup_MKE06Z4.o [7]
  .rodata            const         0x3544     0x0  zero_init3.o [10]
  .rodata            const         0x3544     0x0  lz77_init.o [10]
                                 - 0x3544  0x3134

"P3-P4|P7-P9", part 1 of 2:                 0x408
  RW                          0x1fff'f000   0x408  <Block>
    RW-1                      0x1fff'f000   0x408  <Init block>
      .data          inited   0x1fff'f000     0x4  fsl_clock.o [5]
      .data          inited   0x1fff'f004   0x400  main.o [6]
      .data          inited   0x1fff'f404     0x4  system_MKE06Z4.o [4]
                            - 0x1fff'f408   0x408

"P3-P4|P7-P9", part 2 of 2:                0x1570
  ZI                          0x1fff'f408  0x1570  <Block>
    .bss             zero     0x1fff'f408     0x4  fsl_clock.o [5]
    .bss             zero     0x1fff'f40c    0x14  fsl_debug_console.o [8]
    .bss             zero     0x1fff'f420     0x4  fsl_flash.o [5]
    .bss             zero     0x1fff'f424     0x4  fsl_flash.o [5]
    .bss             zero     0x1fff'f428    0x40  fsl_flash.o [5]
    .bss             zero     0x1fff'f468    0x40  fsl_flash.o [5]
    .bss             zero     0x1fff'f4a8     0x8  fsl_spi.o [5]
    .bss             zero     0x1fff'f4b0     0x4  fsl_spi.o [5]
    .bss             zero     0x1fff'f4b4     0x4  fsl_spi.o [5]
    .bss             zero     0x1fff'f4b8     0xc  fsl_uart.o [5]
    .bss             zero     0x1fff'f4c4     0x4  fsl_uart.o [5]
    .bss             zero     0x1fff'f4c8    0x38  main.o [6]
    .bss             zero     0x1fff'f500   0x800  main.o [6]
    .bss             zero     0x1fff'fd00   0x800  main.o [6]
    .bss             zero     0x2000'0500   0x400  main.o [6]
    .bss             zero     0x2000'0900     0x4  main.o [6]
    .bss             zero     0x2000'0904    0x64  vac_uart.o [6]
    .bss             zero     0x2000'0968     0xc  vac_variables.o [6]
    .bss             zero     0x2000'0974     0x2  fsl_spi.o [5]
    .bss             zero     0x2000'0976     0x1  vac_uart.o [6]
                            - 0x2000'0978  0x1570

"P6":                                       0x400
  CSTACK                      0x2000'2c00   0x400  <Block>
    CSTACK           uninit   0x2000'2c00   0x400  <Block tail>
                            - 0x2000'3000   0x400

Unused ranges:

         From           To      Size
         ----           --      ----
        0x1a4        0x1ff      0x5c
       0x3544     0x1'ffff  0x1'cabc
  0x2000'0978  0x2000'2bff    0x2288


*******************************************************************************
*** INIT TABLE
***

          Address      Size
          -------      ----
Zero (__iar_zero_init3)
    1 destination range, total size 0x156f:
          0x1fff'f408  0x156f

Copy/lz77 (__iar_lz77_init3)
    1 source range, total size 0x96 (14% of destination):
                0x10e    0x96
    1 destination range, total size 0x408:
          0x1fff'f000   0x408



*******************************************************************************
*** MODULE SUMMARY
***

    Module               ro code  ro data  rw data
    ------               -------  -------  -------
command line/config:
    ----------------------------------------------
    Total:

C:\Users\Admin M1\Desktop\CodeNampt\BLD\debug\obj\board: [1]
    board.o                   26
    clock_config.o            92        8
    pin_mux.o                336       24
    ----------------------------------------------
    Total:                   454       32

C:\Users\Admin M1\Desktop\CodeNampt\BLD\debug\obj\component\lists: [2]
    ----------------------------------------------
    Total:

C:\Users\Admin M1\Desktop\CodeNampt\BLD\debug\obj\component\uart: [3]
    fsl_adapter_uart.o       476      228
    ----------------------------------------------
    Total:                   476      228

C:\Users\Admin M1\Desktop\CodeNampt\BLD\debug\obj\device: [4]
    system_MKE06Z4.o          74        1        4
    ----------------------------------------------
    Total:                    74        1        4

C:\Users\Admin M1\Desktop\CodeNampt\BLD\debug\obj\drivers: [5]
    fsl_clock.o              732       72        8
    fsl_flash.o            1'236       40      136
    fsl_ftm.o                762      148
    fsl_gpio.o               288       80
    fsl_port.o               116
    fsl_spi.o                892      228       18
    fsl_uart.o               860      164       16
    ----------------------------------------------
    Total:                 4'886      732      178

C:\Users\Admin M1\Desktop\CodeNampt\BLD\debug\obj\source: [6]
    main.o                   602      161    6'204
    vac_flash_spi.o          950
    vac_i2c_soft.o           844        6
    vac_rs485.o              136
    vac_timer.o              404      152
    vac_uart.o                60               101
    vac_variables.o                             12
    ----------------------------------------------
    Total:                 2'996      319    6'317

C:\Users\Admin M1\Desktop\CodeNampt\BLD\debug\obj\startup: [7]
    startup_MKE06Z4.o        336
    ----------------------------------------------
    Total:                   336

C:\Users\Admin M1\Desktop\CodeNampt\BLD\debug\obj\utilities: [8]
    fsl_assert.o              28       44
    fsl_debug_console.o    1'098                20
    ----------------------------------------------
    Total:                 1'126       44       20

dl6M_tln.a: [9]
    abort.o                   10
    exit.o                     8
    low_level_init.o           4
    ----------------------------------------------
    Total:                    22

rt6M_tl.a: [10]
    ABImemcpy.o               78
    ABImemset.o               82
    I32DivModFast.o          224
    I64DivMod.o              124
    I64DivZer.o                2
    I64Mul.o                  50
    IntDivZer.o                2
    cexit.o                   10
    cmain.o                   30
    cstartup_M.o              28
    data_init.o               40
    lz77_init.o              496
    strlen.o                  14
    zero_init3.o              60
    ----------------------------------------------
    Total:                 1'240

shb_l.a: [11]
    exit.o                    20
    ----------------------------------------------
    Total:                    20

    Gaps                       2
    Linker created                     44    1'024
--------------------------------------------------
    Grand Total:          11'632    1'400    7'543


*******************************************************************************
*** ENTRY LIST
***

Entry                       Address   Size  Type      Object
-----                       -------   ----  ----      ------
.iar.init_table$$Base        0x32dc          --   Gb  - Linker created -
.iar.init_table$$Limit       0x3308          --   Gb  - Linker created -
?main                        0x3309         Code  Gb  cmain.o [10]
BOARD_BootClockRUN           0x2915   0x22  Code  Gb  clock_config.o [1]
BOARD_InitBootClocks         0x290d    0x8  Code  Gb  clock_config.o [1]
BOARD_InitBootPins           0x27a5   0x14  Code  Gb  pin_mux.o [1]
BOARD_InitDebugConsole       0x2951   0x1a  Code  Gb  board.o [1]
BOARD_flash_spi              0x2827   0x44  Code  Gb  pin_mux.o [1]
BOARD_gpio_led               0x27b9   0x50  Code  Gb  pin_mux.o [1]
BOARD_i2c                    0x286b   0x50  Code  Gb  pin_mux.o [1]
BOARD_rs485                  0x2809   0x1e  Code  Gb  pin_mux.o [1]
CLOCK_BootToFeiMode          0x1ee9    0xe  Code  Gb  fsl_clock.o [5]
CLOCK_EnableClock            0x224d   0x12  Code  Lc  fsl_ftm.o [5]
CLOCK_EnableClock            0x18a9   0x12  Code  Lc  fsl_spi.o [5]
CLOCK_EnableClock            0x1075   0x12  Code  Lc  fsl_uart.o [5]
CLOCK_GetCoreSysClkFreq
                             0x1d21   0x18  Code  Gb  fsl_clock.o [5]
CLOCK_GetFlashClkFreq        0x1cfb   0x26  Code  Gb  fsl_clock.o [5]
CLOCK_GetFllExtRefClkFreq
                             0x1c67   0x4e  Code  Lc  fsl_clock.o [5]
CLOCK_GetFllFreq             0x1e1d   0x1a  Code  Gb  fsl_clock.o [5]
CLOCK_GetFllRefClkFreq       0x1cb5   0x1e  Code  Lc  fsl_clock.o [5]
CLOCK_GetFreq                0x1d51   0x66  Code  Gb  fsl_clock.o [5]
CLOCK_GetICSExtClkFreq       0x1c4b   0x1c  Code  Lc  fsl_clock.o [5]
CLOCK_GetICSFixedFreqClkFreq
                             0x1e55   0x20  Code  Gb  fsl_clock.o [5]
CLOCK_GetICSOutClkFreq       0x1dd9   0x44  Code  Gb  fsl_clock.o [5]
CLOCK_GetInternalRefClkFreq
                             0x1e37   0x14  Code  Gb  fsl_clock.o [5]
CLOCK_GetOsc0ErClkFreq       0x1cd3   0x28  Code  Gb  fsl_clock.o [5]
CLOCK_GetTimerClkFreq        0x1d39   0x18  Code  Gb  fsl_clock.o [5]
CLOCK_SetFeiMode             0x1e8d   0x50  Code  Gb  fsl_clock.o [5]
CLOCK_SetInternalRefClkConfig
                             0x28ff    0xe  Code  Lc  clock_config.o [1]
CLOCK_SetOutDiv              0x1c25   0x26  Code  Lc  fsl_clock.o [5]
CLOCK_SetSimConfig           0x1db7   0x22  Code  Gb  fsl_clock.o [5]
CLOCK_SetSimSafeDivs         0x28f5    0xa  Code  Lc  clock_config.o [1]
CSTACK$$Base            0x2000'2c00          --   Gb  - Linker created -
CSTACK$$Limit           0x2000'3000          --   Gb  - Linker created -
DbgConsole_ConvertRadixNumToString
                              0xaff   0x78  Code  Lc  fsl_debug_console.o [8]
DbgConsole_Init               0xa21   0x52  Code  Gb  fsl_debug_console.o [8]
DbgConsole_Printf             0xa73   0x1c  Code  Gb  fsl_debug_console.o [8]
DbgConsole_PrintfFormattedData
                              0xb77  0x2f4  Code  Lc  fsl_debug_console.o [8]
DbgConsole_PrintfPaddingCharacter
                              0xadd   0x22  Code  Lc  fsl_debug_console.o [8]
DbgConsole_Putchar            0xab1   0x1c  Code  Gb  fsl_debug_console.o [8]
DbgConsole_Vprintf            0xa8f   0x22  Code  Gb  fsl_debug_console.o [8]
EnableIRQ                    0x2b1d   0x24  Code  Lc  vac_rs485.o [6]
EnableIRQ                    0x2985   0x24  Code  Lc  vac_timer.o [6]
FLASH_Erase                   0x4df   0xbc  Code  Gb  fsl_flash.o [5]
FLASH_Init                    0x411   0xa4  Code  Gb  fsl_flash.o [5]
FLASH_PrepareExecuteInRamFunctions
                              0x4b5   0x2a  Code  Gb  fsl_flash.o [5]
FLASH_Program                 0x59b   0xe2  Code  Gb  fsl_flash.o [5]
FLASH_SetProperty             0x695   0x46  Code  Gb  fsl_flash.o [5]
FTM2_IRQHandler              0x2ad1   0x12  Code  Gb  vac_timer.o [6]
FTM_CalculateCounterClkDiv
                             0x29a9   0x62  Code  Lc  vac_timer.o [6]
FTM_ClearStatusFlags         0x2517   0x30  Code  Gb  fsl_ftm.o [5]
FTM_EnableInterrupts         0x24cd   0x4a  Code  Gb  fsl_ftm.o [5]
FTM_GetDefaultConfig         0x2453   0x54  Code  Gb  fsl_ftm.o [5]
FTM_GetInstance              0x225f   0x32  Code  Lc  fsl_ftm.o [5]
FTM_Init                     0x23af   0xa4  Code  Gb  fsl_ftm.o [5]
FTM_SetPwmSync               0x2291   0x86  Code  Lc  fsl_ftm.o [5]
FTM_SetReloadPoints          0x2317   0x98  Code  Lc  fsl_ftm.o [5]
FTM_SetTimerPeriod           0x2a0b    0x8  Code  Lc  vac_timer.o [6]
FTM_StartTimer               0x2a13   0x1a  Code  Lc  vac_timer.o [6]
GPIO_PinInit                 0x1789   0xc0  Code  Gb  fsl_gpio.o [5]
GPIO_PinWrite                0x1849   0x54  Code  Gb  fsl_gpio.o [5]
HAL_UartGetStatus             0xe6d   0x10  Code  Lc  fsl_adapter_uart.o [3]
HAL_UartInit                  0xe7d   0xe2  Code  Gb  fsl_adapter_uart.o [3]
HAL_UartReceiveBlocking
                              0xf5f   0x64  Code  Gb  fsl_adapter_uart.o [3]
HAL_UartSendBlocking          0xfc3   0x60  Code  Gb  fsl_adapter_uart.o [3]
InStream_Read                0x2cc3   0x20  Code  Lc  lz77_init.o [10]
InStream_StepRegion          0x2caf   0x14  Code  Lc  lz77_init.o [10]
OutStream_Write              0x2ce3   0x46  Code  Lc  lz77_init.o [10]
PORT_SetPinSelect            0x2b89   0x62  Code  Gb  fsl_port.o [5]
RW$$Base                0x1fff'f000          --   Gb  - Linker created -
RW$$Limit               0x1fff'f408          --   Gb  - Linker created -
Region$$Table$$Base          0x32dc          --   Gb  - Linker created -
Region$$Table$$Limit         0x3308          --   Gb  - Linker created -
Reset_Handler                0x3269         Code  Wk  startup_MKE06Z4.o [7]
SPI0_DriverIRQHandler        0x1bb5   0x22  Code  Gb  fsl_spi.o [5]
SPI1_DriverIRQHandler        0x1bd9   0x22  Code  Gb  fsl_spi.o [5]
SPI_CommonIRQHandler         0x1b85   0x30  Code  Lc  fsl_spi.o [5]
SPI_GetInstance              0x18bb   0x30  Code  Gb  fsl_spi.o [5]
SPI_MasterGetDefaultConfig
                             0x195b   0x36  Code  Gb  fsl_spi.o [5]
SPI_MasterInit               0x1991   0xba  Code  Gb  fsl_spi.o [5]
SPI_MasterSetBaudRate        0x1a65   0x7e  Code  Gb  fsl_spi.o [5]
SPI_MasterTransferBlocking
                             0x1aed   0x86  Code  Gb  fsl_spi.o [5]
SPI_ReadData                 0x1ae3    0xa  Code  Gb  fsl_spi.o [5]
SPI_ReadNonBlocking          0x192f   0x2c  Code  Lc  fsl_spi.o [5]
SPI_SetDummyData             0x18eb   0x12  Code  Gb  fsl_spi.o [5]
SPI_WriteNonBlocking         0x18fd   0x32  Code  Lc  fsl_spi.o [5]
SysTick_Handler              0x2549   0x12  Code  Gb  main.o [6]
SystemCoreClock         0x1fff'f404    0x4  Data  Gb  system_MKE06Z4.o [4]
SystemInit                   0x2f51   0x2c  Code  Gb  system_MKE06Z4.o [4]
UART0_DriverIRQHandler       0x139d   0x10  Code  Gb  fsl_uart.o [5]
UART1_DriverIRQHandler       0x13af   0x10  Code  Gb  fsl_uart.o [5]
UART2_IRQHandler             0x3145   0x2a  Code  Gb  vac_uart.o [6]
UART_ClearStatusFlags        0x1269   0x32  Code  Gb  fsl_uart.o [5]
UART_EnableInterrupts        0x1239   0x20  Code  Gb  fsl_uart.o [5]
UART_GetDefaultConfig        0x11e7   0x44  Code  Gb  fsl_uart.o [5]
UART_GetInstance             0x1087   0x32  Code  Gb  fsl_uart.o [5]
UART_GetStatusFlags          0x125d    0xc  Code  Gb  fsl_uart.o [5]
UART_Init                    0x10b9  0x12e  Code  Gb  fsl_uart.o [5]
UART_ReadBlocking            0x12d1   0xaa  Code  Gb  fsl_uart.o [5]
UART_ReadByte                0x3141    0x4  Code  Lc  vac_uart.o [6]
UART_WriteBlocking           0x12a5   0x24  Code  Gb  fsl_uart.o [5]
ZI$$Base                0x1fff'f408          --   Gb  - Linker created -
ZI$$Limit               0x2000'0978          --   Gb  - Linker created -
__NVIC_EnableIRQ             0x2b01   0x18  Code  Lc  vac_rs485.o [6]
__NVIC_EnableIRQ             0x296d   0x18  Code  Lc  vac_timer.o [6]
__Vectors                       0x0          --   Gb  startup_MKE06Z4.o [7]
__Vectors_End                  0xc0         Data  Gb  startup_MKE06Z4.o [7]
__Vectors_Size {Abs}           0xc0          --   Gb  startup_MKE06Z4.o [7]
__aeabi_assert               0x1059   0x1c  Code  Gb  fsl_assert.o [8]
__aeabi_idiv                  0x911         Code  Gb  I32DivModFast.o [10]
__aeabi_idiv0                 0xa1d         Code  Gb  IntDivZer.o [10]
__aeabi_idivmod               0x911         Code  Gb  I32DivModFast.o [10]
__aeabi_ldiv0                0x2cad         Code  Gb  I64DivZer.o [10]
__aeabi_lmul                 0x2bfd         Code  Gb  I64Mul.o [10]
__aeabi_memclr4               0x9e9         Code  Gb  ABImemset.o [10]
__aeabi_memclr8               0x9e9         Code  Gb  ABImemset.o [10]
__aeabi_memcpy                 0xf5         Code  Gb  ABImemcpy.o [10]
__aeabi_memcpy4                0xc1         Code  Gb  ABImemcpy.o [10]
__aeabi_memcpy8                0xc1         Code  Gb  ABImemcpy.o [10]
__aeabi_memset                0x9c9         Code  Gb  ABImemset.o [10]
__aeabi_uidiv                 0x917         Code  Gb  I32DivModFast.o [10]
__aeabi_uidivmod              0x917         Code  Gb  I32DivModFast.o [10]
__aeabi_uldivmod             0x2c2f         Code  Gb  I64DivMod.o [10]
__cmain                      0x3309         Code  Gb  cmain.o [10]
__exit                       0x2ea9   0x14  Code  Gb  exit.o [11]
__iar_Memcpy                  0x101         Code  Gb  ABImemcpy.o [10]
__iar_Memset4_word            0x9ed         Code  Gb  ABImemset.o [10]
__iar_Memset_word             0x9d5         Code  Gb  ABImemset.o [10]
__iar_data_init3             0x3291   0x28  Code  Gb  data_init.o [10]
__iar_lz77_init3             0x2d29  0x176  Code  Gb  lz77_init.o [10]
__iar_program_start          0x33b1         Code  Gb  cstartup_M.o [10]
__iar_zero_init3             0x317d   0x3c  Code  Gb  zero_init3.o [10]
__low_level_init             0x3327    0x4  Code  Gb  low_level_init.o [9]
__vector_table                  0x0         Data  Gb  startup_MKE06Z4.o [7]
__vector_table_0x1c            0x1c         Data  Gb  startup_MKE06Z4.o [7]
_call_main                   0x3315         Code  Gb  cmain.o [10]
_exit                        0x3335         Code  Gb  cexit.o [10]
abort                        0x2e9f    0xa  Code  Gb  abort.o [9]
buf_test                0x2000'0904   0x64  Data  Gb  vac_uart.o [6]
buff_cnt                0x2000'0976    0x1  Data  Gb  vac_uart.o [6]
callFlashCommonBitOperation
                        0x1fff'f424    0x4  Data  Lc  fsl_flash.o [5]
callFlashRunCommand     0x1fff'f420    0x4  Data  Lc  fsl_flash.o [5]
copy_flash_common_bit_operation
                              0x79b   0x1e  Code  Lc  fsl_flash.o [5]
copy_flash_run_command        0x6db   0x1a  Code  Lc  fsl_flash.o [5]
error_trap                   0x279f    0x4  Code  Lc  main.o [6]
exit                         0x332b    0x8  Code  Gb  exit.o [9]
flash_cache_clear             0x7d3    0xe  Code  Gb  fsl_flash.o [5]
flash_cache_clear_process
                              0x7e1   0x22  Code  Lc  fsl_flash.o [5]
flash_check_execute_in_ram_function_info
                              0x803   0x22  Code  Lc  fsl_flash.o [5]
flash_check_range             0x825   0x3a  Code  Lc  fsl_flash.o [5]
flash_check_user_key          0x8ab   0x12  Code  Lc  fsl_flash.o [5]
flash_chip_select_spi1       0x140f   0x38  Code  Lc  vac_flash_spi.o [6]
flash_command_sequence        0x711   0x54  Code  Lc  fsl_flash.o [5]
flash_common_bit_operation_command_sequence
                              0x765   0x36  Code  Lc  fsl_flash.o [5]
flash_erase_sector           0x14cf   0x4e  Code  Gb  vac_flash_spi.o [6]
flash_get_matched_operation_info
                              0x85f   0x4c  Code  Lc  fsl_flash.o [5]
flash_read_buffer            0x1723   0x64  Code  Gb  vac_flash_spi.o [6]
flash_set_command             0x6f5   0x1c  Code  Gb  fsl_flash.o [5]
flash_wait_for_write_end
                             0x1497   0x38  Code  Lc  vac_flash_spi.o [6]
flash_write_buffer           0x158d  0x196  Code  Gb  vac_flash_spi.o [6]
flash_write_byte             0x1447   0x30  Code  Lc  vac_flash_spi.o [6]
flash_write_enable           0x1477   0x20  Code  Lc  vac_flash_spi.o [6]
flash_write_page             0x151d   0x70  Code  Gb  vac_flash_spi.o [6]
g_buffer_flashEX        0x2000'0500  0x400  Data  Gb  main.o [6]
g_spiDummyData          0x2000'0974    0x2  Data  Gb  fsl_spi.o [5]
g_systickCounter        0x2000'0900    0x4  Data  Gb  main.o [6]
g_xtal0Freq             0x1fff'f408    0x4  Data  Gb  fsl_clock.o [5]
hardwawre_init               0x25d3   0x10  Code  Lc  main.o [6]
i2c_delay_us                 0x1fcd   0x1a  Code  Lc  vac_i2c_soft.o [6]
i2c_init                     0x1fe7   0x3c  Code  Gb  vac_i2c_soft.o [6]
i2c_scl_pin_off              0x1fb7   0x16  Code  Lc  vac_i2c_soft.o [6]
i2c_scl_pin_on               0x1fa1   0x16  Code  Lc  vac_i2c_soft.o [6]
i2c_scl_pin_output           0x1f4b   0x1e  Code  Lc  vac_i2c_soft.o [6]
i2c_sda_pin                  0x1f01   0x4a  Code  Lc  vac_i2c_soft.o [6]
i2c_sda_pin_off              0x1f8b   0x16  Code  Lc  vac_i2c_soft.o [6]
i2c_sda_pin_on               0x1f75   0x16  Code  Lc  vac_i2c_soft.o [6]
i2c_start                    0x2023   0x5e  Code  Gb  vac_i2c_soft.o [6]
i2c_stop                     0x2081   0x4e  Code  Gb  vac_i2c_soft.o [6]
i2c_write                    0x20cf   0x90  Code  Gb  vac_i2c_soft.o [6]
icsConfig_BOARD_BootClockRUN
                             0x352c    0x4  Data  Gb  clock_config.o [1]
init_flash                   0x13d1   0x3e  Code  Gb  vac_flash_spi.o [6]
init_rs485                   0x2b41   0x48  Code  Gb  vac_rs485.o [6]
init_rtc                     0x221b   0x32  Code  Gb  vac_i2c_soft.o [6]
init_timer                   0x2a2d   0xa4  Code  Gb  vac_timer.o [6]
main                         0x255b   0x78  Code  Gb  main.o [6]
mcm_flash_cache_clear         0x7b9   0x1a  Code  Gb  fsl_flash.o [5]
rtc_enable_charge            0x21d7   0x44  Code  Lc  vac_i2c_soft.o [6]
s_UartAdapterBase            0x3404    0xc  Data  Lc  fsl_adapter_uart.o [3]
s_buffer                0x1fff'f500  0x800  Data  Lc  main.o [6]
s_buffer_rbc            0x1fff'fd00  0x800  Data  Lc  main.o [6]
s_debugConsole          0x1fff'f40c   0x14  Data  Lc  fsl_debug_console.o [8]
s_flashCommonBitOperation
                        0x1fff'f468   0x40  Data  Lc  fsl_flash.o [5]
s_flashCommonBitOperationFunctionCode
                             0x3340   0x1c  Data  Lc  fsl_flash.o [5]
s_flashDriver           0x1fff'f4c8   0x38  Data  Lc  main.o [6]
s_flashRunCommand       0x1fff'f428   0x40  Data  Lc  fsl_flash.o [5]
s_flashRunCommandFunctionCode
                             0x341c    0xc  Data  Lc  fsl_flash.o [5]
s_ftmBases                   0x3434    0xc  Data  Lc  fsl_ftm.o [5]
s_ftmClocks                  0x3440    0xc  Data  Lc  fsl_ftm.o [5]
s_gpioBases                  0x344c    0xc  Data  Lc  fsl_gpio.o [5]
s_slowIrcFreq           0x1fff'f000    0x4  Data  Lc  fsl_clock.o [5]
s_spiBases                   0x34c4    0x8  Data  Lc  fsl_spi.o [5]
s_spiClock                   0x34cc    0x8  Data  Lc  fsl_spi.o [5]
s_spiHandle             0x1fff'f4a8    0x8  Data  Lc  fsl_spi.o [5]
s_spiMasterIsr          0x1fff'f4b0    0x4  Data  Lc  fsl_spi.o [5]
s_spiSlaveIsr           0x1fff'f4b4    0x4  Data  Lc  fsl_spi.o [5]
s_uartBases                  0x347c    0xc  Data  Lc  fsl_uart.o [5]
s_uartClock                  0x3488    0xc  Data  Lc  fsl_uart.o [5]
s_uartHandle            0x1fff'f4b8    0xc  Data  Gb  fsl_uart.o [5]
s_uartIsr               0x1fff'f4c4    0x4  Data  Gb  fsl_uart.o [5]
sample_file             0x1fff'f004  0x400  Data  Gb  main.o [6]
simConfig_BOARD_BootClockRUN
                             0x3530    0x4  Data  Gb  clock_config.o [1]
software_init                0x25e3   0x30  Code  Lc  main.o [6]
strlen                       0x1049         Code  Gb  strlen.o [10]
sys_boot                     0x2613  0x148  Code  Lc  main.o [6]
sys_jumpApp                  0x279d    0x2  Code  Lc  main.o [6]
system_var              0x2000'0968    0xc  Data  Gb  vac_variables.o [6]
write_rtc                    0x215f   0x78  Code  Gb  vac_i2c_soft.o [6]


[1] = C:\Users\Admin M1\Desktop\CodeNampt\BLD\debug\obj\board
[2] = C:\Users\Admin M1\Desktop\CodeNampt\BLD\debug\obj\component\lists
[3] = C:\Users\Admin M1\Desktop\CodeNampt\BLD\debug\obj\component\uart
[4] = C:\Users\Admin M1\Desktop\CodeNampt\BLD\debug\obj\device
[5] = C:\Users\Admin M1\Desktop\CodeNampt\BLD\debug\obj\drivers
[6] = C:\Users\Admin M1\Desktop\CodeNampt\BLD\debug\obj\source
[7] = C:\Users\Admin M1\Desktop\CodeNampt\BLD\debug\obj\startup
[8] = C:\Users\Admin M1\Desktop\CodeNampt\BLD\debug\obj\utilities
[9] = dl6M_tln.a
[10] = rt6M_tl.a
[11] = shb_l.a

  11'632 bytes of readonly  code memory
   1'400 bytes of readonly  data memory
   7'543 bytes of readwrite data memory

Errors: none
Warnings: none
